// Jest Snapshot v1, https://goo.gl/fbAQLP

exports[`renders correctly 1`] = `
<View
  collapsable={false}
  style={
    Object {
      "flex": 1,
    }
  }
>
  <RCTSafeAreaView
    style={
      Array [
        Object {
          "backgroundColor": "#314674",
          "elevation": 4,
        },
      ]
    }
  >
    <View
      style={
        Array [
          Object {
            "backgroundColor": "#314674",
          },
          Object {
            "alignItems": "center",
            "elevation": 4,
            "flexDirection": "row",
            "height": 56,
            "paddingHorizontal": 4,
          },
          Object {
            "elevation": 0,
            "height": 56,
            "margin": 0,
            "marginTop": 0,
          },
        ]
      }
    >
      <View
        style={
          Object {
            "width": 48,
          }
        }
      />
      <View
        style={
          Array [
            Object {
              "flex": 1,
              "paddingHorizontal": 12,
            },
            Array [
              false,
              Object {
                "alignItems": "center",
              },
              undefined,
            ],
          ]
        }
      >
        <Text
          accessibilityRole="header"
          accessibilityTraits="header"
          accessible={true}
          allowFontScaling={true}
          ellipsizeMode="tail"
          numberOfLines={1}
          style={
            Array [
              Object {
                "color": "#000000",
                "fontFamily": "Helvetica Neue",
                "textAlign": "left",
                "writingDirection": "ltr",
              },
              Array [
                Object {
                  "color": "#ffffff",
                  "fontFamily": "Helvetica Neue",
                },
                Object {
                  "fontSize": 17,
                },
                undefined,
              ],
            ]
          }
        >
          KLJ Zomergem
        </Text>
      </View>
      <View
        style={
          Object {
            "width": 48,
          }
        }
      />
    </View>
  </RCTSafeAreaView>
  <View
    style={
      Object {
        "backgroundColor": "#becce2",
        "flex": 1,
      }
    }
  >
    <View
      style={
        Array [
          Object {
            "marginVertical": 8,
          },
          Object {
            "backgroundColor": "#becce2",
            "flex": 1,
          },
        ]
      }
    >
      <View
        accessible={true}
        isTVSelectable={true}
        onResponderGrant={[Function]}
        onResponderMove={[Function]}
        onResponderRelease={[Function]}
        onResponderTerminate={[Function]}
        onResponderTerminationRequest={[Function]}
        onStartShouldSetResponder={[Function]}
        style={
          Array [
            Object {
              "padding": 8,
            },
            undefined,
          ]
        }
      >
        <View
          style={
            Object {
              "flexDirection": "row",
            }
          }
        >
          <View
            pointerEvents="box-none"
            style={
              Array [
                Object {
                  "alignItems": "center",
                  "height": 40,
                  "justifyContent": "center",
                  "margin": 8,
                  "width": 40,
                },
                undefined,
              ]
            }
          >
            <Text
              accessibilityElementsHidden={true}
              accessible={true}
              allowFontScaling={false}
              ellipsizeMode="tail"
              importantForAccessibility="no-hide-descendants"
              pointerEvents="none"
              style={
                Array [
                  Object {
                    "color": undefined,
                    "fontSize": 24,
                  },
                  Array [
                    Object {
                      "transform": Array [
                        Object {
                          "scaleX": 1,
                        },
                      ],
                    },
                    Object {
                      "backgroundColor": "transparent",
                    },
                  ],
                  Object {
                    "fontFamily": "Material Icons",
                    "fontStyle": "normal",
                    "fontWeight": "normal",
                  },
                  Object {},
                ]
              }
            >
              
            </Text>
          </View>
          <View
            pointerEvents="none"
            style={
              Array [
                Object {
                  "margin": 8,
                },
                Object {
                  "flex": 1,
                  "justifyContent": "center",
                },
              ]
            }
          >
            <Text
              accessible={true}
              allowFontScaling={true}
              ellipsizeMode="tail"
              numberOfLines={1}
              style={
                Array [
                  Object {
                    "color": "#000000",
                    "fontFamily": "Helvetica Neue",
                    "textAlign": "left",
                    "writingDirection": "ltr",
                  },
                  Array [
                    Object {
                      "fontSize": 16,
                    },
                    Object {
                      "color": "rgba(0, 0, 0, 0.87)",
                    },
                  ],
                ]
              }
            >
              Activiteiten
            </Text>
          </View>
        </View>
      </View>
      <View
        accessible={true}
        isTVSelectable={true}
        onResponderGrant={[Function]}
        onResponderMove={[Function]}
        onResponderRelease={[Function]}
        onResponderTerminate={[Function]}
        onResponderTerminationRequest={[Function]}
        onStartShouldSetResponder={[Function]}
        style={
          Array [
            Object {
              "padding": 8,
            },
            undefined,
          ]
        }
      >
        <View
          style={
            Object {
              "flexDirection": "row",
            }
          }
        >
          <View
            pointerEvents="box-none"
            style={
              Array [
                Object {
                  "alignItems": "center",
                  "height": 40,
                  "justifyContent": "center",
                  "margin": 8,
                  "width": 40,
                },
                undefined,
              ]
            }
          >
            <Text
              accessibilityElementsHidden={true}
              accessible={true}
              allowFontScaling={false}
              ellipsizeMode="tail"
              importantForAccessibility="no-hide-descendants"
              pointerEvents="none"
              style={
                Array [
                  Object {
                    "color": undefined,
                    "fontSize": 24,
                  },
                  Array [
                    Object {
                      "transform": Array [
                        Object {
                          "scaleX": 1,
                        },
                      ],
                    },
                    Object {
                      "backgroundColor": "transparent",
                    },
                  ],
                  Object {
                    "fontFamily": "Material Icons",
                    "fontStyle": "normal",
                    "fontWeight": "normal",
                  },
                  Object {},
                ]
              }
            >
              
            </Text>
          </View>
          <View
            pointerEvents="none"
            style={
              Array [
                Object {
                  "margin": 8,
                },
                Object {
                  "flex": 1,
                  "justifyContent": "center",
                },
              ]
            }
          >
            <Text
              accessible={true}
              allowFontScaling={true}
              ellipsizeMode="tail"
              numberOfLines={1}
              style={
                Array [
                  Object {
                    "color": "#000000",
                    "fontFamily": "Helvetica Neue",
                    "textAlign": "left",
                    "writingDirection": "ltr",
                  },
                  Array [
                    Object {
                      "fontSize": 16,
                    },
                    Object {
                      "color": "rgba(0, 0, 0, 0.87)",
                    },
                  ],
                ]
              }
            >
              Vrienden van de klj
            </Text>
          </View>
        </View>
      </View>
      <View
        accessible={true}
        isTVSelectable={true}
        onResponderGrant={[Function]}
        onResponderMove={[Function]}
        onResponderRelease={[Function]}
        onResponderTerminate={[Function]}
        onResponderTerminationRequest={[Function]}
        onStartShouldSetResponder={[Function]}
        style={
          Array [
            Object {
              "padding": 8,
            },
            undefined,
          ]
        }
      >
        <View
          style={
            Object {
              "flexDirection": "row",
            }
          }
        >
          <View
            pointerEvents="box-none"
            style={
              Array [
                Object {
                  "alignItems": "center",
                  "height": 40,
                  "justifyContent": "center",
                  "margin": 8,
                  "width": 40,
                },
                undefined,
              ]
            }
          >
            <Text
              accessibilityElementsHidden={true}
              accessible={true}
              allowFontScaling={false}
              ellipsizeMode="tail"
              importantForAccessibility="no-hide-descendants"
              pointerEvents="none"
              style={
                Array [
                  Object {
                    "color": undefined,
                    "fontSize": 24,
                  },
                  Array [
                    Object {
                      "transform": Array [
                        Object {
                          "scaleX": 1,
                        },
                      ],
                    },
                    Object {
                      "backgroundColor": "transparent",
                    },
                  ],
                  Object {
                    "fontFamily": "Material Icons",
                    "fontStyle": "normal",
                    "fontWeight": "normal",
                  },
                  Object {},
                ]
              }
            >
              
            </Text>
          </View>
          <View
            pointerEvents="none"
            style={
              Array [
                Object {
                  "margin": 8,
                },
                Object {
                  "flex": 1,
                  "justifyContent": "center",
                },
              ]
            }
          >
            <Text
              accessible={true}
              allowFontScaling={true}
              ellipsizeMode="tail"
              numberOfLines={1}
              style={
                Array [
                  Object {
                    "color": "#000000",
                    "fontFamily": "Helvetica Neue",
                    "textAlign": "left",
                    "writingDirection": "ltr",
                  },
                  Array [
                    Object {
                      "fontSize": 16,
                    },
                    Object {
                      "color": "rgba(0, 0, 0, 0.87)",
                    },
                  ],
                ]
              }
            >
              Neem KLJ foto's
            </Text>
          </View>
        </View>
      </View>
      <View
        accessible={true}
        isTVSelectable={true}
        onResponderGrant={[Function]}
        onResponderMove={[Function]}
        onResponderRelease={[Function]}
        onResponderTerminate={[Function]}
        onResponderTerminationRequest={[Function]}
        onStartShouldSetResponder={[Function]}
        style={
          Array [
            Object {
              "padding": 8,
            },
            undefined,
          ]
        }
      >
        <View
          style={
            Object {
              "flexDirection": "row",
            }
          }
        >
          <View
            pointerEvents="box-none"
            style={
              Array [
                Object {
                  "alignItems": "center",
                  "height": 40,
                  "justifyContent": "center",
                  "margin": 8,
                  "width": 40,
                },
                undefined,
              ]
            }
          >
            <Text
              accessibilityElementsHidden={true}
              accessible={true}
              allowFontScaling={false}
              ellipsizeMode="tail"
              importantForAccessibility="no-hide-descendants"
              pointerEvents="none"
              style={
                Array [
                  Object {
                    "color": undefined,
                    "fontSize": 24,
                  },
                  Array [
                    Object {
                      "transform": Array [
                        Object {
                          "scaleX": 1,
                        },
                      ],
                    },
                    Object {
                      "backgroundColor": "transparent",
                    },
                  ],
                  Object {
                    "fontFamily": "Material Icons",
                    "fontStyle": "normal",
                    "fontWeight": "normal",
                  },
                  Object {},
                ]
              }
            >
              
            </Text>
          </View>
          <View
            pointerEvents="none"
            style={
              Array [
                Object {
                  "margin": 8,
                },
                Object {
                  "flex": 1,
                  "justifyContent": "center",
                },
              ]
            }
          >
            <Text
              accessible={true}
              allowFontScaling={true}
              ellipsizeMode="tail"
              numberOfLines={1}
              style={
                Array [
                  Object {
                    "color": "#000000",
                    "fontFamily": "Helvetica Neue",
                    "textAlign": "left",
                    "writingDirection": "ltr",
                  },
                  Array [
                    Object {
                      "fontSize": 16,
                    },
                    Object {
                      "color": "rgba(0, 0, 0, 0.87)",
                    },
                  ],
                ]
              }
            >
              instellingen
            </Text>
          </View>
        </View>
      </View>
    </View>
  </View>
  <RCTSafeAreaView
    pointerEvents="box-none"
    style={
      Object {
        "bottom": 0,
        "position": "absolute",
        "width": "100%",
      }
    }
  >
    <View
      accessibilityLiveRegion="polite"
      pointerEvents="box-none"
      style={
        Object {
          "opacity": 0,
          "transform": Array [
            Object {
              "scale": 1,
            },
          ],
        }
      }
    />
  </RCTSafeAreaView>
</View>
`;
